Reading "./src/flex/lcalc.flex"
Constructing NFA : 287 states in NFA
Converting NFA to DFA : 
...............................................................................................................................................................................
177 states before minimization, 171 states in minimized DFA
Old file "./src/lexer/Lexer.java" saved as "./src/lexer/Lexer.java~"
Writing code to "./src/lexer/Lexer.java"
PACKAGE package
ID HelloWorld
SEMICOLUMN ;
PUBLIC public
CLASS class
ID A
LEFTCURLY {
PUBLIC public
ID A
LEFTPARN (
RIGHTPARN )
LEFTCURLY {
RIGHTCURLY }
PUBLIC public
BOOL boolean
ID m
LEFTPARN (
BOOL boolean
ID x
RIGHTPARN )
LEFTCURLY {
ID return
LEFTPARN (
ID x
BINARYAND &&
TRUELITERAL true
RIGHTPARN )
BINARYOR ||
ID x
SEMICOLUMN ;
RIGHTCURLY }
RIGHTCURLY }
PUBLIC public
CLASS class
ID Main
LEFTCURLY {
STATIC static
PUBLIC public
VOID void
ID main
LEFTPARN (
ID String
ID argv
LEFTBRACKET [
RIGHTBARCKET ]
RIGHTPARN )
LEFTCURLY {
ID System
DOT .
ID out
DOT .
ID print
LEFTPARN (
STRINGLITERAL "HelloWorld!"
RIGHTPARN )
SEMICOLUMN ;
RIGHTCURLY }
RIGHTCURLY }
EOF 
